
[2017-09-27 23:27:47] test ok : {"test":"test"}
[2017-09-27 23:27:50] test ok : {"test":"test"}
[2017-09-27 23:27:53] test ok : {"test":"test"}
[2017-09-27 23:28:59] test ok : {"test":"test"}
[2017-09-27 23:29:02] test ok : {"test":"test"}
[2017-09-27 23:29:05] test ok : {"test":"test"}
[2017-09-27 23:29:08] test ok : {"test":"test"}
[2017-09-27 23:29:11] test ok : {"test":"test"}
[2017-09-27 23:29:14] test ok : {"test":"test"}
[2017-09-27 23:29:17] test ok : {"test":"test"}
[2017-09-27 23:29:20] test ok : {"test":"test"}
[2017-09-27 23:29:26] test ok : {"test":"test"}
[2017-09-27 23:29:41] test ok : {"test":"test"}
[2017-09-27 23:29:47] test ok : {"test":"test"}
[2017-09-27 23:29:50] test ok : {"test":"test"}
[2017-09-27 23:29:53] test ok : {"test":"test"}
[2017-09-27 23:30:05] test ok : {"test":"test"}
[2017-09-27 23:30:08] test ok : {"test":"test"}
[2017-09-27 23:30:29] test ok : {"test":"test"}
[2017-09-27 23:30:32] test ok : {"test":"test"}
[2017-09-27 23:30:35] test ok : {"test":"test"}
[2017-09-27 23:32:03] test ok : {"test":"test"}
[2017-09-27 23:32:06] test ok : {"test":"test"}
[2017-09-27 23:32:09] test ok : {"test":"test"}
[2017-09-27 23:32:12] test ok : {"test":"test"}
[2017-09-27 23:32:15] test ok : {"test":"test"}
[2017-09-27 23:32:18] test ok : {"test":"test"}
[2017-09-27 23:32:21] test ok : {"test":"test"}
[2017-09-27 23:32:24] test ok : {"test":"test"}
[2017-09-27 23:32:27] test ok : {"test":"test"}
[2017-09-27 23:32:30] test ok : {"test":"test"}
[2017-09-27 23:32:33] test ok : {"test":"test"}
[2017-09-27 23:32:36] test ok : {"test":"test"}
[2017-09-27 23:32:39] test ok : {"test":"test"}
[2017-09-27 23:32:42] test ok : {"test":"test"}
[2017-09-27 23:32:45] test ok : {"test":"test"}
[2017-09-27 23:32:48] test ok : {"test":"test"}
[2017-09-27 23:32:51] test ok : {"test":"test"}
[2017-09-27 23:32:54] test ok : {"test":"test"}
[2017-09-27 23:33:00] test ok : {"test":"test"}
[2017-09-27 23:33:03] test ok : {"test":"test"}
[2017-09-27 23:33:06] test ok : {"test":"test"}
[2017-09-27 23:33:09] test ok : {"test":"test"}
[2017-09-27 23:33:12] test ok : {"test":"test"}
[2017-09-27 23:33:15] test ok : {"test":"test"}
[2017-09-27 23:33:18] test ok : {"test":"test"}
[2017-09-27 23:33:21] test ok : {"test":"test"}
[2017-09-27 23:33:24] test ok : {"test":"test"}
[2017-09-27 23:33:27] test ok : {"test":"test"}
[2017-09-27 23:33:30] test ok : {"test":"test"}
[2017-09-27 23:33:33] test ok : {"test":"test"}
[2017-09-27 23:44:46] test ok : {"test":"test"}
[2017-09-27 23:44:49] test ok : {"test":"test"}
[2017-09-27 23:44:52] test ok : {"test":"test"}
[2017-09-27 23:47:07] test ok : {"test":"test"}
[2017-09-27 23:52:01] test ok : {"test":"test"}
[2017-09-27 23:52:04] test ok : {"test":"test"}
[2017-09-27 23:53:09] test ok : {"test":"test"}
[2017-09-27 23:53:12] test ok : {"test":"test"}
[2017-09-27 23:53:15] test ok : {"test":"test"}
[2017-09-27 23:53:21] test ok : {"test":"test"}
[2017-09-27 23:53:36] test ok : {"test":"test"}
[2017-09-27 23:53:39] test ok : {"test":"test"}
[2017-09-27 23:53:45] test ok : {"test":"test"}
[2017-09-27 23:53:48] test ok : {"test":"test"}
[2017-09-27 23:54:18] test ok : {"test":"test"}
[2017-09-27 23:54:21] test ok : {"test":"test"}
[2017-09-27 23:54:24] test ok : {"test":"test"}
[2017-09-27 23:59:57] test ok : {"test":"test"}
[2017-09-28 00:00:00] test ok : {"test":"test"}
[2017-09-28 00:00:03] test ok : {"test":"test"}
